// Jest Snapshot v1, https://goo.gl/fbAQLP

exports[`ComicCard Render SnapShot 1`] = `
Array [
  <span
    className=" lazy-load-image-background blur"
    style={
      Object {
        "backgroundImage": "",
        "backgroundSize": "",
        "display": "inline-block",
        "height": 400,
        "width": 300,
      }
    }
  >
    <span
      className=""
      style={
        Object {
          "display": "inline-block",
          "height": 400,
          "width": 300,
        }
      }
    />
  </span>,
  <div
    className="comic-content"
  >
    <div
      className="comic-title"
    >
      <span>
        Avengers: The Initiative (2007) #19
      </span>
    </div>
    <div
      className="comic-title-row"
    >
      <span>
        Page Count
        : 
      </span>
      <span>
        32
      </span>
    </div>
    <div
      className="comic-title-row"
    >
      <span>
        Publish Date
        : 
      </span>
      <span>
        12/17/2008
      </span>
    </div>
    <div
      className="comic-title-row"
    >
      <span>
        Price
        : 
      </span>
      <span>
        2.99
      </span>
    </div>
  </div>,
]
`;
